======================================================================
TESTING BOTH MODELS
======================================================================

[1] Testing DIRECTION MODEL (57.34% accuracy)...
python : Traceback (most recent call last):
At line:1 char:1
+ python test_both_models.py > test_output.txt 2>&1; cat test_output.tx ...
+ ~~~~~~~~~~~~~~~~~~~~~~~~~~~~~~~~~~~~~~~~~~~~~~~~~
    + CategoryInfo          : NotSpecified: (Traceback (most recent call last) 
   ::String) [], RemoteException
    + FullyQualifiedErrorId : NativeCommandError
 
  File "C:\practice_projects\smartpredict_stock\test_both_models.py", line 30, 
in <module>
    print(f"    \u2705 Status: {response.status_code} (OK)")
    ~~~~~^^^^^^^^^^^^^^^^^^^^^^^^^^^^^^^^^^^^^^^^^^^^^^^
  File "C:\Users\Prakarn\AppData\Local\Programs\Python\Python314\Lib\encodings\
cp1252.py", line 19, in encode
    return codecs.charmap_encode(input,self.errors,encoding_table)[0]
           ~~~~~~~~~~~~~~~~~~~~~^^^^^^^^^^^^^^^^^^^^^^^^^^^^^^^^^^
UnicodeEncodeError: 'charmap' codec can't encode character '\u2705' in 
position 4: character maps to <undefined>
